// Jest Snapshot v1, https://goo.gl/fbAQLP

exports[`App component testing App SnapShot 1`] = `[Function]`;
